/var/folders/2x/wylr59t17ds36l1l7ng25y7w0000gn/T/tail-root-v020-public-ys__la1a/bin/tailapp: go1.26.7
	path	github.com/generalbusiness-ai/tailapps/cmd/tailapp
	mod	github.com/generalbusiness-ai/tailapps	v0.1.5-0.20260905182602-3606dd8a7a65	h1:5mhXg5fyNvD0hpamshg11E2UWNFewb+F0ErhXo3q+Ag=
	dep	github.com/generalbusiness-ai/tailapps/jsonataddl	v0.2.0	h1:rD0TyYRPHT+DapFEacbd+jLQKHo6I+mi2ufpcCd+eKY=
	dep	github.com/google/jsonschema-go	v0.4.3	h1:/DBOLZTfDow7pe2GmaJNhltueGTtDKICi8V8p+DQPd0=
	dep	github.com/grpc-ecosystem/grpc-gateway/v2	v2.29.0	h1:5VipnvEpbqr2gA2VbM+nYVbkIF28c5ZQfqCBQ5g2xfk=
	dep	github.com/jsonata-go/jsonata	v0.0.0-20250709164031-599f35f32e5f	h1:JnGon8QHtmjFPq0NcSu8OTEnQDDEgFME7gtj/NkjCUo=
	dep	github.com/modelcontextprotocol/go-sdk	v1.7.0	h1:yqjY2dsbKAC0LSuWZVBMrHgiG8ukXv6NRo0JiALay44=
	dep	github.com/ncruces/go-sqlite3	v0.35.3	h1:Ei07Zv1qfV/vyXzelhFsyS5Oh9TArBZHsmFk14Xv3GY=
	dep	github.com/ncruces/go-sqlite3-wasm/v3	v3.2.35304	h1:5NoQAewtgKNK3G4bjNPxVoGXu6F6NzLXWCTdD5FFAEY=
	dep	github.com/ncruces/julianday	v1.0.0	h1:fH0OKwa7NWvniGQtxdJRxAgkBMolni2BjDHaWTxqt7M=
	dep	github.com/segmentio/asm	v1.1.3	h1:WM03sfUOENvvKexOLp+pCqgb/WDjsi7EK8gIsICtzhc=
	dep	github.com/segmentio/encoding	v0.5.4	h1:OW1VRern8Nw6ITAtwSZ7Idrl3MXCFwXHPgqESYfvNt0=
	dep	github.com/yosida95/uritemplate/v3	v3.0.2	h1:Ed3Oyj9yrmi9087+NczuL5BwkIc4wvTb5zIM+UJPGz4=
	dep	go.opentelemetry.io/proto/otlp	v1.11.0	h1:5rrYs0Ykyj50sdU/JU0x8etU+LubXWb+gED6TbEdMIk=
	dep	golang.org/x/net	v0.58.0	h1:ynWG7rqYi4ccpTEuPZ2QGWHktVEM9DMCj9yzDE0Q7To=
	dep	golang.org/x/oauth2	v0.36.0	h1:peZ/1z27fi9hUOFCAZaHyrpWG5lwe0RJEEEeH0ThlIs=
	dep	golang.org/x/sync	v0.22.0	h1:SZjpbeLmrCk4xhRSZFNZW5gFUeCeFgjekvI/+gfScek=
	dep	golang.org/x/sys	v0.47.0	h1:o7XGOvZQCADBQQ4Y7VNq2dRWQR7JmOUW8Kxx4ZsNgWs=
	dep	golang.org/x/text	v0.41.0	h1:vz/seA0lnX87Othu2f/0L24RcgrXD9/YFTSuGjj3rH8=
	dep	golang.org/x/time	v0.15.0	h1:bbrp8t3bGUeFOx08pvsMYRTCVSMk89u4tKbNOZbp88U=
	dep	google.golang.org/genproto/googleapis/api	v0.0.0-20260720211330-0afa2a65878a	h1:97PfJ4tCxY5C7NzzgGqQEMZmXbISdvSArNNEOoUGKBg=
	dep	google.golang.org/genproto/googleapis/rpc	v0.0.0-20260720211330-0afa2a65878a	h1:qI/YMH1ep2qQtqcp00gMQyoU7mjvbhg88GJKCvfoLj0=
	dep	google.golang.org/grpc	v1.83.2	h1:EManeRomTObA0BU7I8vXgg/78uE5MJ9M8B39EX2WscU=
	dep	google.golang.org/protobuf	v1.36.12	h1:pJOKDDOyeXErUroCihFAd5LQuwXBSpVnKGrj5o/fwxc=
	build	-buildmode=exe
	build	-compiler=gc
	build	CGO_ENABLED=1
	build	CGO_CFLAGS=
	build	CGO_CPPFLAGS=
	build	CGO_CXXFLAGS=
	build	CGO_LDFLAGS=
	build	GOARCH=arm64
	build	GOOS=darwin
	build	GOARM64=v8.0
