=== RUN   TestRecoverySixApplicationBacklogPreservesIdentityAndRestart
    recovery_backlog_test.go:155: cycle=0 round=0 status=185.476333ms records=87499 pending=524994 frontiers=map[activity-stats:32 agent-guard:32 daily-review:32 session-cost:32 signal-counts:32 url-reputation:32]
    recovery_backlog_test.go:165: activity-stats schema=54.035292ms
    recovery_backlog_test.go:165: agent-guard schema=51.985417ms
    recovery_backlog_test.go:165: daily-review schema=48.92975ms
    recovery_backlog_test.go:165: session-cost schema=47.376958ms
    recovery_backlog_test.go:165: signal-counts schema=51.670042ms
    recovery_backlog_test.go:165: url-reputation schema=48.590833ms
    recovery_backlog_test.go:175: metrics=173.040792ms
    recovery_backlog_test.go:155: cycle=0 round=1 status=176.567334ms records=87243 pending=523458 frontiers=map[activity-stats:288 agent-guard:288 daily-review:288 session-cost:288 signal-counts:288 url-reputation:288]
    recovery_backlog_test.go:165: url-reputation schema=52.802459ms
    recovery_backlog_test.go:165: activity-stats schema=50.795709ms
    recovery_backlog_test.go:165: agent-guard schema=53.205583ms
    recovery_backlog_test.go:165: daily-review schema=50.030292ms
    recovery_backlog_test.go:165: session-cost schema=48.503334ms
    recovery_backlog_test.go:165: signal-counts schema=49.168333ms
    recovery_backlog_test.go:175: metrics=176.793167ms
    recovery_backlog_test.go:155: cycle=0 round=2 status=168.065417ms records=86987 pending=521922 frontiers=map[activity-stats:544 agent-guard:544 daily-review:544 session-cost:544 signal-counts:544 url-reputation:544]
    recovery_backlog_test.go:165: activity-stats schema=52.334958ms
    recovery_backlog_test.go:165: agent-guard schema=45.182791ms
    recovery_backlog_test.go:165: daily-review schema=46.535792ms
    recovery_backlog_test.go:165: session-cost schema=47.120416ms
    recovery_backlog_test.go:165: signal-counts schema=46.379209ms
    recovery_backlog_test.go:165: url-reputation schema=45.233416ms
    recovery_backlog_test.go:175: metrics=173.6735ms
    recovery_backlog_test.go:227: stopped cycle=0 activity-stats revision=sha256:bb951653d838881824a13e41396d957f4f53ea1507d673371d8e0b9e842b6c27 frontier=784 consumed=784 pending=86747
    recovery_backlog_test.go:227: stopped cycle=0 agent-guard revision=sha256:efe35e90119d8410a97f6b109833a019fc908bf3691f4128e9ad12e45d8e6d5b frontier=784 consumed=784 pending=86747
    recovery_backlog_test.go:227: stopped cycle=0 daily-review revision=sha256:72a8fcbd82c918466a297ee6febd169cb4ecdde398e9220ca706375ced48a37a frontier=784 consumed=784 pending=86747
    recovery_backlog_test.go:227: stopped cycle=0 session-cost revision=sha256:b2849559fbdefaef388e7917e9ef09e4c639c11508fbbb7a40473e6f14adbf28 frontier=784 consumed=784 pending=86747
    recovery_backlog_test.go:227: stopped cycle=0 signal-counts revision=sha256:1e5c4a7c110e98b6aa9f0e4a149452338301847de75325d6279e379fc413e311 frontier=784 consumed=784 pending=86747
    recovery_backlog_test.go:227: stopped cycle=0 url-reputation revision=sha256:8e2d73e6dfc44db5d412066e2ff9da66685f185b064153b08139bbdffef7cae3 frontier=784 consumed=784 pending=86747
    recovery_backlog_test.go:155: cycle=1 round=0 status=176.667875ms records=86715 pending=520290 frontiers=map[activity-stats:816 agent-guard:816 daily-review:816 session-cost:816 signal-counts:816 url-reputation:816]
    recovery_backlog_test.go:165: url-reputation schema=50.334417ms
    recovery_backlog_test.go:165: activity-stats schema=48.693125ms
    recovery_backlog_test.go:165: agent-guard schema=45.762083ms
    recovery_backlog_test.go:165: daily-review schema=45.141833ms
    recovery_backlog_test.go:165: session-cost schema=47.118375ms
    recovery_backlog_test.go:165: signal-counts schema=47.11775ms
    recovery_backlog_test.go:175: metrics=167.717084ms
    recovery_backlog_test.go:155: cycle=1 round=1 status=167.9145ms records=86459 pending=518754 frontiers=map[activity-stats:1072 agent-guard:1072 daily-review:1072 session-cost:1072 signal-counts:1072 url-reputation:1072]
    recovery_backlog_test.go:165: activity-stats schema=48.977917ms
    recovery_backlog_test.go:165: agent-guard schema=46.25125ms
    recovery_backlog_test.go:165: daily-review schema=46.83275ms
    recovery_backlog_test.go:165: session-cost schema=46.250416ms
    recovery_backlog_test.go:165: signal-counts schema=44.386375ms
    recovery_backlog_test.go:165: url-reputation schema=44.7255ms
    recovery_backlog_test.go:175: metrics=171.500917ms
    recovery_backlog_test.go:155: cycle=1 round=2 status=168.461292ms records=86203 pending=517218 frontiers=map[activity-stats:1328 agent-guard:1328 daily-review:1328 session-cost:1328 signal-counts:1328 url-reputation:1328]
    recovery_backlog_test.go:165: session-cost schema=47.304917ms
    recovery_backlog_test.go:165: signal-counts schema=43.440208ms
    recovery_backlog_test.go:165: url-reputation schema=44.716916ms
    recovery_backlog_test.go:165: activity-stats schema=45.4315ms
    recovery_backlog_test.go:165: agent-guard schema=43.532166ms
    recovery_backlog_test.go:165: daily-review schema=43.91425ms
    recovery_backlog_test.go:175: metrics=175.895167ms
    recovery_backlog_test.go:227: stopped cycle=1 session-cost revision=sha256:b2849559fbdefaef388e7917e9ef09e4c639c11508fbbb7a40473e6f14adbf28 frontier=1600 consumed=1600 pending=85931
    recovery_backlog_test.go:227: stopped cycle=1 signal-counts revision=sha256:1e5c4a7c110e98b6aa9f0e4a149452338301847de75325d6279e379fc413e311 frontier=1600 consumed=1600 pending=85931
    recovery_backlog_test.go:227: stopped cycle=1 url-reputation revision=sha256:8e2d73e6dfc44db5d412066e2ff9da66685f185b064153b08139bbdffef7cae3 frontier=1600 consumed=1600 pending=85931
    recovery_backlog_test.go:227: stopped cycle=1 activity-stats revision=sha256:bb951653d838881824a13e41396d957f4f53ea1507d673371d8e0b9e842b6c27 frontier=1600 consumed=1600 pending=85931
    recovery_backlog_test.go:227: stopped cycle=1 agent-guard revision=sha256:efe35e90119d8410a97f6b109833a019fc908bf3691f4128e9ad12e45d8e6d5b frontier=1600 consumed=1600 pending=85931
    recovery_backlog_test.go:227: stopped cycle=1 daily-review revision=sha256:72a8fcbd82c918466a297ee6febd169cb4ecdde398e9220ca706375ced48a37a frontier=1600 consumed=1600 pending=85931
--- PASS: TestRecoverySixApplicationBacklogPreservesIdentityAndRestart (8.17s)
PASS
ok  	github.com/generalbusiness-ai/tailapps/internal/control	8.628s
